<?xml version="1.0" encoding="UTF-8"?>
<testsuites>
    <testsuite name="login-functionality-for-iotwebapp;verify-that-user-is-able-to-login-by-using-a-valid-email-and-password" tests="4" failures="0" skipped="0">
        <properties>
            <property name="@login" value="true">
            </property>
            <property name="URI" value="/Users/varun/Documents/proj/iot-interworking-project/features/login.feature">
            </property>
        </properties>
        <testcase name="Given User is on the IoT WebApp" classname="login-functionality-for-iotwebapp;verify-that-user-is-able-to-login-by-using-a-valid-email-and-password" time="0.000443708">
        </testcase>
        <testcase name="When User logs in using an valid email" classname="login-functionality-for-iotwebapp;verify-that-user-is-able-to-login-by-using-a-valid-email-and-password" time="0.00080639">
        </testcase>
        <testcase name="And User logs in using an valid password" classname="login-functionality-for-iotwebapp;verify-that-user-is-able-to-login-by-using-a-valid-email-and-password" time="0.000361356">
        </testcase>
        <testcase name="Then User is taken to the dashboard" classname="login-functionality-for-iotwebapp;verify-that-user-is-able-to-login-by-using-a-valid-email-and-password" time="0.000256643">
        </testcase>
    </testsuite>
    <testsuite name="login-functionality-for-iotwebapp;verify-that-user-is-not-able-to-login-by-using-an-invalid-email-and-password" tests="4" failures="0" skipped="0">
        <properties>
            <property name="@login" value="true">
            </property>
            <property name="URI" value="/Users/varun/Documents/proj/iot-interworking-project/features/login.feature">
            </property>
        </properties>
        <testcase name="Given User is on the IoT WebApp" classname="login-functionality-for-iotwebapp;verify-that-user-is-not-able-to-login-by-using-an-invalid-email-and-password" time="0.00009899">
        </testcase>
        <testcase name="When User logs in using an invalid email" classname="login-functionality-for-iotwebapp;verify-that-user-is-not-able-to-login-by-using-an-invalid-email-and-password" time="0.000193805">
        </testcase>
        <testcase name="And User logs in using an invalid password" classname="login-functionality-for-iotwebapp;verify-that-user-is-not-able-to-login-by-using-an-invalid-email-and-password" time="0.000281354">
        </testcase>
        <testcase name="Then User remains on the login screen" classname="login-functionality-for-iotwebapp;verify-that-user-is-not-able-to-login-by-using-an-invalid-email-and-password" time="0.000199381">
        </testcase>
    </testsuite>
</testsuites>